Archive member included to satisfy reference by file (symbol)

/opt/devkitpro//picaGL/lib/libpicaGL.a(blend.o)
                              gl_vidctr.o (glAlphaFunc)
/opt/devkitpro//picaGL/lib/libpicaGL.a(depth.o)
                              gl_rmain.o (glDepthFunc)
/opt/devkitpro//picaGL/lib/libpicaGL.a(get.o)
                              gl_vidctr.o (glGetString)
/opt/devkitpro//picaGL/lib/libpicaGL.a(glu.o)
                              gl_rmain.o (gluPerspective)
/opt/devkitpro//picaGL/lib/libpicaGL.a(immediate.o)
                              gl_draw.o (glBegin)
/opt/devkitpro//picaGL/lib/libpicaGL.a(matrix.o)
                              gl_draw.o (glLoadIdentity)
/opt/devkitpro//picaGL/lib/libpicaGL.a(misc.o)
                              gl_rmain.o (glClear)
/opt/devkitpro//picaGL/lib/libpicaGL.a(pica.o)
                              /opt/devkitpro//picaGL/lib/libpicaGL.a(misc.o) (_picaViewport)
/opt/devkitpro//picaGL/lib/libpicaGL.a(picaGL.o)
                              gl_vidctr.o (pglInit)
/opt/devkitpro//picaGL/lib/libpicaGL.a(queue.o)
                              /opt/devkitpro//picaGL/lib/libpicaGL.a(misc.o) (_queueWaitAndClear)
/opt/devkitpro//picaGL/lib/libpicaGL.a(state.o)
                              /opt/devkitpro//picaGL/lib/libpicaGL.a(picaGL.o) (_stateInitialize)
/opt/devkitpro//picaGL/lib/libpicaGL.a(stubs.o)
                              gl_draw.o (glDrawBuffer)
/opt/devkitpro//picaGL/lib/libpicaGL.a(texture.o)
                              /opt/devkitpro//picaGL/lib/libpicaGL.a(state.o) (glActiveTexture)
/opt/devkitpro//picaGL/lib/libpicaGL.a(hashtable.o)
                              /opt/devkitpro//picaGL/lib/libpicaGL.a(texture.o) (hashTableGet)
/opt/devkitpro//picaGL/lib/libpicaGL.a(math_utils.o)
                              /opt/devkitpro//picaGL/lib/libpicaGL.a(matrix.o) (matrix4x4_multiply)
/opt/devkitpro//picaGL/lib/libpicaGL.a(clear.shbin.o)
                              /opt/devkitpro//picaGL/lib/libpicaGL.a(state.o) (clear_shbin)
/opt/devkitpro//picaGL/lib/libpicaGL.a(vshader.shbin.o)
                              /opt/devkitpro//picaGL/lib/libpicaGL.a(state.o) (vshader_shbin)
/opt/devkitpro//picaGL/lib/libpicaGL.a(arrays.o)
                              /opt/devkitpro//picaGL/lib/libpicaGL.a(state.o) (glEnableClientState)
/opt/devkitpro//libctru/lib/libctru.a(vram.o)
                              /opt/devkitpro//picaGL/lib/libpicaGL.a(state.o) (vramAlloc)
/opt/devkitpro//libctru/lib/libctru.a(linear.o)
                              snd_ctr.o (linearAlloc)
/opt/devkitpro//libctru/lib/libctru.a(mem_pool.o)
                              /opt/devkitpro//libctru/lib/libctru.a(vram.o) (MemPool::Allocate(MemChunk&, unsigned long, int))
/opt/devkitpro//libctru/lib/libctru.a(os.o)
                              /opt/devkitpro//picaGL/lib/libpicaGL.a(pica.o) (osConvertVirtToPhys)
/opt/devkitpro//libctru/lib/libctru.a(console.o)
                              sys_ctr.o (consoleInit)
/opt/devkitpro//libctru/lib/libctru.a(gfx.o)
                              /opt/devkitpro//libctru/lib/libctru.a(console.o) (gfxIsWide)
/opt/devkitpro//libctru/lib/libctru.a(shaderProgram.o)
                              /opt/devkitpro//picaGL/lib/libpicaGL.a(state.o) (shaderProgramInit)
/opt/devkitpro//libctru/lib/libctru.a(shbin.o)
                              /opt/devkitpro//picaGL/lib/libpicaGL.a(state.o) (DVLB_ParseFile)
/opt/devkitpro//libctru/lib/libctru.a(gx.o)
                              /opt/devkitpro//picaGL/lib/libpicaGL.a(picaGL.o) (GX_BindQueue)
/opt/devkitpro//libctru/lib/libctru.a(gxqueue.o)
                              /opt/devkitpro//picaGL/lib/libpicaGL.a(queue.o) (gxCmdQueueClear)
/opt/devkitpro//libctru/lib/libctru.a(gpu.o)
                              /opt/devkitpro//picaGL/lib/libpicaGL.a(misc.o) (gpuCmdBufOffset)
/opt/devkitpro//libctru/lib/libctru.a(ndsp.o)
                              snd_ctr.o (ndspInit)
/opt/devkitpro//libctru/lib/libctru.a(ndsp-channel.o)
                              snd_ctr.o (ndspChnReset)
/opt/devkitpro//libctru/lib/libctru.a(cfgu.o)
                              /opt/devkitpro//libctru/lib/libctru.a(ndsp.o) (cfguInit)
/opt/devkitpro//libctru/lib/libctru.a(dsp.o)
                              /opt/devkitpro//libctru/lib/libctru.a(ndsp.o) (dspInit)
/opt/devkitpro//libctru/lib/libctru.a(gspgpu.o)
                              /opt/devkitpro//libctru/lib/libctru.a(gfx.o) (gspInit)
/opt/devkitpro//libctru/lib/libctru.a(apt.o)
                              /opt/devkitpro//picaGL/lib/libpicaGL.a(picaGL.o) (aptHook)
/opt/devkitpro//libctru/lib/libctru.a(hid.o)
                              sys_ctr.o (hidScanInput)
/opt/devkitpro//libctru/lib/libctru.a(ptmsysm.o)
                              /opt/devkitpro//libctru/lib/libctru.a(os.o) (ptmSysmInit)
/opt/devkitpro//libctru/lib/libctru.a(fs.o)
                              /opt/devkitpro//libctru/lib/libctru.a(ndsp.o) (FSUSER_OpenFileDirectly)
/opt/devkitpro//libctru/lib/libctru.a(soc_inet_addr.o)
[...]
Memory Configuration

Name             Origin             Length             Attributes
*default*        0x0000000000000000 0xffffffffffffffff

Linker script and memory map

                0x0000000000100000                PROVIDE (__start__ = 0x100000)
                0x0000000000100000                . = __start__

.text           0x0000000000100000    0x6f370
 *(.crt0)
 .crt0          0x0000000000100000       0x94 /opt/devkitpro/devkitARM/bin/../lib/gcc/arm-none-eabi/12.1.0/../../../../arm-none-eabi/lib/armv6k/fpu/3dsx_crt0.o
                0x0000000000100000                _start
                0x0000000000100008                __service_ptr
                0x000000000010000c                __apt_appid
                0x0000000000100010                __heap_size
                0x0000000000100014                __linear_heap_size
                0x0000000000100018                __system_arglist
                0x000000000010001c                __system_runflags
 *(.init)
 .init          0x0000000000100094        0xc /opt/devkitpro/devkitARM/bin/../lib/gcc/arm-none-eabi/12.1.0/armv6k/fpu/crti.o
                0x0000000000100094                _init
 .init          0x00000000001000a0        0xc /opt/devkitpro/devkitARM/bin/../lib/gcc/arm-none-eabi/12.1.0/armv6k/fpu/crtn.o
                0x00000000001000ac                . = ALIGN (0x4)
 *(.text)
 .text          0x00000000001000ac      0x20c /opt/devkitpro/devkitARM/bin/../lib/gcc/arm-none-eabi/12.1.0/armv6k/fpu/libgcc.a(_udivsi3.o)
                0x00000000001000ac                __udivsi3
                0x00000000001000ac                __aeabi_uidiv
                0x0000000000100298                __aeabi_uidivmod
 .text          0x00000000001002b8      0x240 /opt/devkitpro/devkitARM/bin/../lib/gcc/arm-none-eabi/12.1.0/armv6k/fpu/libgcc.a(_divsi3.o)
                0x00000000001002b8                __divsi3
                0x00000000001002b8                __aeabi_idiv
                0x00000000001004d8                __aeabi_idivmod
 .text          0x00000000001004f8        0x4 /opt/devkitpro/devkitARM/bin/../lib/gcc/arm-none-eabi/12.1.0/armv6k/fpu/libgcc.a(_dvmd_tls.o)
                0x00000000001004f8                __aeabi_ldiv0
                0x00000000001004f8                __aeabi_idiv0
 .text          0x00000000001004fc      0x3c0 /opt/devkitpro/devkitARM/bin/../lib/gcc/arm-none-eabi/12.1.0/armv6k/fpu/libgcc.a(_arm_addsubdf3.o)
                0x00000000001004fc                __aeabi_drsub
                0x0000000000100504                __aeabi_dsub
                0x0000000000100504                __subdf3
                0x0000000000100508                __adddf3
                0x0000000000100508                __aeabi_dadd
                0x00000000001007b4                __floatunsidf
                0x00000000001007b4                __aeabi_ui2d
                0x00000000001007d8                __aeabi_i2d
                0x00000000001007d8                __floatsidf
                0x0000000000100800                __extendsfdf2
                0x0000000000100800                __aeabi_f2d
                0x0000000000100848                __aeabi_ul2d
                0x0000000000100848                __floatundidf
                0x000000000010085c                __floatdidf
                0x000000000010085c                __aeabi_l2d
 .text          0x00000000001008bc       0x3c /opt/devkitpro/devkitARM/bin/../lib/gcc/arm-none-eabi/12.1.0/armv6k/fpu/libgcc.a(_aeabi_uldivmod.o)
                0x00000000001008bc                __aeabi_uldivmod
 .text          0x00000000001008f8       0x2c /opt/devkitpro/devkitARM/bin/../lib/gcc/arm-none-eabi/12.1.0/../../../../arm-none-eabi/lib/armv6k/fpu/libg.a(lib_a-setjmp.o)
                0x00000000001008f8                setjmp
                0x000000000010090c                longjmp
 *fill*         0x0000000000100924       0x1c 
 .text          0x0000000000100940      0x390 /opt/devkitpro/devkitARM/bin/../lib/gcc/arm-none-eabi/12.1.0/../../../../arm-none-eabi/lib/armv6k/fpu/libg.a(lib_a-strcmp.o)
                0x0000000000100948                strcmp
 *(.text.*)
 .text.__do_global_dtors_aux
                0x0000000000100cd0       0x40 /opt/devkitpro/devkitARM/bin/../lib/gcc/arm-none-eabi/12.1.0/armv6k/fpu/crtbegin.o
 .text.frame_dummy
                0x0000000000100d10       0x2c /opt/devkitpro/devkitARM/bin/../lib/gcc/arm-none-eabi/12.1.0/armv6k/fpu/crtbegin.o
 .text.Chase_Init
                0x0000000000100d3c       0x30 chase.o
                0x0000000000100d3c                Chase_Init
 *fill*         0x0000000000100d6c        0x4 
 .text.Chase_Update
                0x0000000000100d70      0x188 chase.o
                0x0000000000100d70                Chase_Update
 .text.CL_WriteDemoMessage
                0x0000000000100ef8       0xac cl_demo.o
                0x0000000000100ef8                CL_WriteDemoMessage
 .text.CL_Stop_f
                0x0000000000100fa4       0x7c cl_demo.o
                0x0000000000100fa4                CL_Stop_f
 .text.CL_Record_f
                0x0000000000101020      0x1ac cl_demo.o
                0x0000000000101020                CL_Record_f
 .text.CL_PlayDemo_f
                0x00000000001011cc      0x120 cl_demo.o
                0x00000000001011cc                CL_PlayDemo_f
 .text.CL_FinishTimeDemo
                0x00000000001012ec       0x9c cl_demo.o
                0x00000000001012ec                CL_FinishTimeDemo
 .text.CL_GetMessage
                0x0000000000101388      0x220 cl_demo.o
                0x0000000000101388                CL_GetMessage
 .text.CL_StopPlayback
                0x00000000001015a8       0x48 cl_demo.o
                0x00000000001015a8                CL_StopPlayback
 .text.CL_TimeDemo_f
                0x00000000001015f0       0x60 cl_demo.o
                0x00000000001015f0                CL_TimeDemo_f
 .text.IN_Impulse
                0x0000000000101650       0x20 cl_input.o
                0x0000000000101650                IN_Impulse
 .text.IN_KLookDown
                0x0000000000101670       0x80 cl_input.o
                0x0000000000101670                IN_KLookDown
 .text.IN_MLookDown
                0x00000000001016f0       0x80 cl_input.o
                0x00000000001016f0                IN_MLookDown
 .text.IN_JumpDown
                0x0000000000101770       0x80 cl_input.o
                0x0000000000101770                IN_JumpDown
 .text.IN_UpDown
                0x00000000001017f0       0x80 cl_input.o
                0x00000000001017f0                IN_UpDown
 .text.IN_DownDown
                0x0000000000101870       0x80 cl_input.o
                0x0000000000101870                IN_DownDown
 .text.IN_SpeedDown
                0x00000000001018f0       0x80 cl_input.o
                0x00000000001018f0                IN_SpeedDown
 .text.IN_StrafeDown
                0x0000000000101970       0x80 cl_input.o
                0x0000000000101970                IN_StrafeDown
 .text.IN_AttackDown
                0x00000000001019f0       0x80 cl_input.o
                0x00000000001019f0                IN_AttackDown
 .text.IN_UseDown
                0x0000000000101a70       0x80 cl_input.o
                0x0000000000101a70                IN_UseDown
 .text.IN_LeftDown
                0x0000000000101af0       0x80 cl_input.o
                0x0000000000101af0                IN_LeftDown
 .text.IN_RightDown
                0x0000000000101b70       0x80 cl_input.o
                0x0000000000101b70                IN_RightDown
 .text.IN_ForwardDown
                0x0000000000101bf0       0x80 cl_input.o
                0x0000000000101bf0                IN_ForwardDown
 .text.IN_BackDown
                0x0000000000101c70       0x80 cl_input.o
                0x0000000000101c70                IN_BackDown
 .text.IN_LookupDown
                0x0000000000101cf0       0x80 cl_input.o
                0x0000000000101cf0                IN_LookupDown
 .text.IN_LookdownDown
                0x0000000000101d70       0x80 cl_input.o
                0x0000000000101d70                IN_LookdownDown
 .text.IN_MoveleftDown
                0x0000000000101df0       0x80 cl_input.o
                0x0000000000101df0                IN_MoveleftDown
 .text.IN_MoverightDown
                0x0000000000101e70       0x80 cl_input.o
                0x0000000000101e70                IN_MoverightDown
 .text.IN_AttackUp
                0x0000000000101ef0       0x94 cl_input.o
                0x0000000000101ef0                IN_AttackUp
 .text.IN_BackUp
                0x0000000000101f84       0x94 cl_input.o
                0x0000000000101f84                IN_BackUp
 .text.IN_UpUp  0x0000000000102018       0x94 cl_input.o
                0x0000000000102018                IN_UpUp
 .text.IN_DownUp
                0x00000000001020ac       0x94 cl_input.o
                0x00000000001020ac                IN_DownUp
 .text.IN_ForwardUp
                0x0000000000102140       0x94 cl_input.o
                0x0000000000102140                IN_ForwardUp
 .text.IN_LookdownUp
                0x00000000001021d4       0x94 cl_input.o
                0x00000000001021d4                IN_LookdownUp
 .text.IN_SpeedUp
                0x0000000000102268       0x94 cl_input.o
                0x0000000000102268                IN_SpeedUp
 .text.IN_StrafeUp
                0x00000000001022fc       0x94 cl_input.o
                0x00000000001022fc                IN_StrafeUp
 .text.IN_JumpUp
                0x0000000000102390       0x94 cl_input.o
                0x0000000000102390                IN_JumpUp
 .text.IN_UseUp
                0x0000000000102424       0x94 cl_input.o
                0x0000000000102424                IN_UseUp
 .text.IN_MoverightUp
                0x00000000001024b8       0x94 cl_input.o
                0x00000000001024b8                IN_MoverightUp
 .text.IN_LookupUp
                0x000000000010254c       0x94 cl_input.o
                0x000000000010254c                IN_LookupUp
 .text.IN_LeftUp
                0x00000000001025e0       0x94 cl_input.o
                0x00000000001025e0                IN_LeftUp
 .text.IN_RightUp
                0x0000000000102674       0x94 cl_input.o
                0x0000000000102674                IN_RightUp
 .text.IN_KLookUp
                0x0000000000102708       0x94 cl_input.o
                0x0000000000102708                IN_KLookUp
 .text.IN_MoveleftUp
                0x000000000010279c       0x94 cl_input.o
                0x000000000010279c                IN_MoveleftUp
 .text.KeyUp    0x0000000000102830       0x8c cl_input.o
                0x0000000000102830                KeyUp
 .text.IN_MLookUp
                0x00000000001028bc       0x40 cl_input.o
                0x00000000001028bc                IN_MLookUp
 .text.CL_KeyState
                0x00000000001028fc       0xf4 cl_input.o
                0x00000000001028fc                CL_KeyState
 .text.CL_AdjustAngles
                0x00000000001029f0      0x35c cl_input.o
                0x00000000001029f0                CL_AdjustAngles
 .text.CL_BaseMove
                0x0000000000102d4c      0x128 cl_input.o
                0x0000000000102d4c                CL_BaseMove
 .text.CL_SendMove
                0x0000000000102e74      0x160 cl_input.o
                0x0000000000102e74                CL_SendMove
 .text.CL_InitInput
                0x0000000000102fd4      0x2c4 cl_input.o
                0x0000000000102fd4                CL_InitInput
 .text.CL_PrintEntities_f
                0x0000000000103298       0xd8 cl_main.o
                0x0000000000103298                CL_PrintEntities_f
 .text.CL_ClearState
                0x0000000000103370       0xf4 cl_main.o
                0x0000000000103370                CL_ClearState
 .text.CL_Disconnect
                0x0000000000103464       0xd8 cl_main.o
                0x0000000000103464                CL_Disconnect
 .text.CL_Disconnect_f
                0x000000000010353c       0x28 cl_main.o
                0x000000000010353c                CL_Disconnect_f
 .text.CL_EstablishConnection
                0x0000000000103564       0x80 cl_main.o
                0x0000000000103564                CL_EstablishConnection
 .text.CL_SignonReply
                0x00000000001035e4      0x154 cl_main.o
                0x00000000001035e4                CL_SignonReply
 .text.CL_NextDemo
                0x0000000000103738       0xc4 cl_main.o
                0x0000000000103738                CL_NextDemo
 .text.CL_AllocDlight
                0x00000000001037fc       0xf0 cl_main.o
                0x00000000001037fc                CL_AllocDlight
 .text.CL_DecayLights
                0x00000000001038ec       0x78 cl_main.o
                0x00000000001038ec                CL_DecayLights
 *fill*         0x0000000000103964        0x4 
 .text.CL_LerpPoint
                0x0000000000103968      0x104 cl_main.o
                0x0000000000103968                CL_LerpPoint
 *fill*         0x0000000000103a6c        0x4 
 .text.CL_RelinkEntities
                0x0000000000103a70      0x564 cl_main.o
                0x0000000000103a70                CL_RelinkEntities
 .text.CL_ReadFromServer
                0x0000000000103fd4       0xb0 cl_main.o
                0x0000000000103fd4                CL_ReadFromServer
 .text.CL_SendCmd
                0x0000000000104084       0xe4 cl_main.o
                0x0000000000104084                CL_SendCmd
 .text.CL_Init  0x0000000000104168      0x158 cl_main.o
                0x0000000000104168                CL_Init
 .text.CL_ParseStartSoundPacket
                0x00000000001042c0      0x100 cl_parse.o
                0x00000000001042c0                CL_ParseStartSoundPacket
 .text.CL_KeepaliveMessage
                0x00000000001043c0      0x148 cl_parse.o
                0x00000000001043c0                CL_KeepaliveMessage
 .text.CL_ParseServerInfo
                0x0000000000104508      0x270 cl_parse.o
                0x0000000000104508                CL_ParseServerInfo
 .text.CL_ParseUpdate
                0x0000000000104778      0x4ac cl_parse.o
                0x0000000000104778                CL_ParseUpdate
 .text.CL_ParseBaseline
                0x0000000000104c24       0x4c cl_parse.o
                0x0000000000104c24                CL_ParseBaseline
 .text.CL_ParseClientdata
                0x0000000000104c70      0x27c cl_parse.o
                0x0000000000104c70                CL_ParseClientdata
 .text.CL_NewTranslation
                0x0000000000104eec      0x130 cl_parse.o
                0x0000000000104eec                CL_NewTranslation
 .text.CL_ParseStatic
                0x000000000010501c       0xd8 cl_parse.o
                0x000000000010501c                CL_ParseStatic
 .text.CL_ParseStaticSound
                0x00000000001050f4       0x68 cl_parse.o
                0x00000000001050f4                CL_ParseStaticSound
 .text.CL_ParseServerMessage
                0x000000000010515c      0x6a0 cl_parse.o
                0x000000000010515c                CL_ParseServerMessage
 .text.CL_InitTEnts
                0x00000000001057fc       0x98 cl_tent.o
                0x00000000001057fc                CL_InitTEnts
 *fill*         0x0000000000105894        0x4 
 .text.CL_ParseBeam
                0x0000000000105898      0x134 cl_tent.o
                0x0000000000105898                CL_ParseBeam
 *fill*         0x00000000001059cc        0x4 
 .text.CL_ParseTEnt
                0x00000000001059d0      0x3e0 cl_tent.o
                0x00000000001059d0                CL_ParseTEnt
 .text.CL_NewTempEntity
                0x0000000000105db0       0x94 cl_tent.o
                0x0000000000105db0                CL_NewTempEntity
 *fill*         0x0000000000105e44        0x4 
 .text.CL_UpdateTEnts
                0x0000000000105e48      0x2a4 cl_tent.o
                0x0000000000105e48                CL_UpdateTEnts
 .text.Cmd_Wait_f
                0x00000000001060ec       0x14 cmd.o
                0x00000000001060ec                Cmd_Wait_f
 .text.Cmd_Echo_f
                0x0000000000106100       0x64 cmd.o
                0x0000000000106100                Cmd_Echo_f
 .text.Cmd_ForwardToServer
                0x0000000000106164       0xe0 cmd.o
                0x0000000000106164                Cmd_ForwardToServer
 .text.Cmd_Alias_f
                0x0000000000106244      0x1bc cmd.o
                0x0000000000106244                Cmd_Alias_f
 .text.Cbuf_Init
                0x0000000000106400       0x10 cmd.o
                0x0000000000106400                Cbuf_Init
 .text.Cbuf_AddText
                0x0000000000106410       0x54 cmd.o
                0x0000000000106410                Cbuf_AddText
 .text.Cbuf_InsertText
                0x0000000000106464       0x68 cmd.o
                0x0000000000106464                Cbuf_InsertText
 .text.Cmd_StuffCmds_f
                0x00000000001064cc      0x1f0 cmd.o
                0x00000000001064cc                Cmd_StuffCmds_f
 .text.Cmd_Exec_f
                0x00000000001066bc       0x9c cmd.o
                0x00000000001066bc                Cmd_Exec_f
 .text.Cmd_Argc
                0x0000000000106758       0x10 cmd.o
                0x0000000000106758                Cmd_Argc
 .text.Cmd_Argv
                0x0000000000106768       0x24 cmd.o
                0x0000000000106768                Cmd_Argv
 .text.Cmd_Args
                0x000000000010678c       0x10 cmd.o
                0x000000000010678c                Cmd_Args
 .text.Cmd_TokenizeString
                0x000000000010679c       0xf0 cmd.o
                0x000000000010679c                Cmd_TokenizeString
 .text.Cmd_AddCommand
                0x000000000010688c       0xbc cmd.o
                0x000000000010688c                Cmd_AddCommand
 .text.Cmd_Init
                0x0000000000106948       0x80 cmd.o
                0x0000000000106948                Cmd_Init
 .text.Cmd_Exists
                0x00000000001069c8       0x50 cmd.o
                0x00000000001069c8                Cmd_Exists
 .text.Cmd_CompleteCommand
                0x0000000000106a18       0x60 cmd.o
                0x0000000000106a18                Cmd_CompleteCommand
 .text.Cmd_ExecuteString
                0x0000000000106a78       0xc8 cmd.o
                0x0000000000106a78                Cmd_ExecuteString
 .text.Cbuf_Execute
                0x0000000000106b40      0x124 cmd.o
                0x0000000000106b40                Cbuf_Execute
 .text.ShortSwap
                0x0000000000106c64        0x8 common.o
                0x0000000000106c64                ShortSwap
 .text.ShortNoSwap
                0x0000000000106c6c        0x4 common.o
                0x0000000000106c6c                ShortNoSwap
 .text.LongSwap
                0x0000000000106c70        0x8 common.o
                0x0000000000106c70                LongSwap
 .text.LongNoSwap
                0x0000000000106c78        0x4 common.o
                0x0000000000106c78                LongNoSwap
 .text.FloatSwap
                0x0000000000106c7c       0x28 common.o
                0x0000000000106c7c                FloatSwap
 .text.FloatNoSwap
                0x0000000000106ca4        0x4 common.o
                0x0000000000106ca4                FloatNoSwap
 .text.COM_Path_f
                0x0000000000106ca8       0x6c common.o
                0x0000000000106ca8                COM_Path_f
 .text.ClearLink
                0x0000000000106d14        0xc common.o
                0x0000000000106d14                ClearLink
 .text.RemoveLink
                0x0000000000106d20       0x14 common.o
                0x0000000000106d20                RemoveLink
 .text.InsertLinkBefore
                0x0000000000106d34       0x1c common.o
                0x0000000000106d34                InsertLinkBefore
 .text.Q_memset
                0x0000000000106d50       0x5c common.o
                0x0000000000106d50                Q_memset
 .text.Q_memcpy
                0x0000000000106dac       0x68 common.o
                0x0000000000106dac                Q_memcpy
 .text.Q_strcpy
                0x0000000000106e14       0x28 common.o
                0x0000000000106e14                Q_strcpy
 .text.Q_strncpy
                0x0000000000106e3c       0x80 common.o
                0x0000000000106e3c                Q_strncpy
 .text.Q_strlen
                0x0000000000106ebc       0x28 common.o
                0x0000000000106ebc                Q_strlen
 .text.Q_strrchr
                0x0000000000106ee4       0x50 common.o
                0x0000000000106ee4                Q_strrchr
 .text.Q_strcat
                0x0000000000106f34       0x4c common.o
                0x0000000000106f34                Q_strcat
 .text.Q_strcmp
                0x0000000000106f80       0x3c common.o
                0x0000000000106f80                Q_strcmp
 .text.Q_strncmp
                0x0000000000106fbc       0x60 common.o
                0x0000000000106fbc                Q_strncmp
 .text.Q_strncasecmp
                0x000000000010701c       0x8c common.o
                0x000000000010701c                Q_strncasecmp
 .text.Q_strcasecmp
                0x00000000001070a8       0x88 common.o
                0x00000000001070a8                Q_strcasecmp
 .text.Q_atoi   0x0000000000107130       0xd8 common.o
                0x0000000000107130                Q_atoi
 .text.Q_atof   0x0000000000107208      0x1b0 common.o
                0x0000000000107208                Q_atof
 .text.MSG_WriteChar
                0x00000000001073b8       0x8c common.o
                0x00000000001073b8                MSG_WriteChar
 .text.MSG_WriteByte
                0x0000000000107444       0x8c common.o
                0x0000000000107444                MSG_WriteByte
 .text.MSG_WriteShort
                0x00000000001074d0       0x9c common.o
                0x00000000001074d0                MSG_WriteShort
 .text.MSG_WriteLong
                0x000000000010756c       0x90 common.o
                0x000000000010756c                MSG_WriteLong
 .text.MSG_WriteCoord
                0x00000000001075fc       0xac common.o
                0x00000000001075fc                MSG_WriteCoord
 .text.MSG_WriteAngle
                0x00000000001076a8       0xb0 common.o
                0x00000000001076a8                MSG_WriteAngle
 .text.MSG_BeginReading
                0x0000000000107758       0x18 common.o
                0x0000000000107758                MSG_BeginReading
 .text.MSG_ReadChar
                0x0000000000107770       0x3c common.o
                0x0000000000107770                MSG_ReadChar
 .text.MSG_ReadByte
                0x00000000001077ac       0x3c common.o
                0x00000000001077ac                MSG_ReadByte
 .text.MSG_ReadShort
                0x00000000001077e8       0x58 common.o
                0x00000000001077e8                MSG_ReadShort
 .text.MSG_ReadLong
                0x0000000000107840       0x64 common.o
                0x0000000000107840                MSG_ReadLong
 .text.MSG_ReadFloat
                0x00000000001078a4       0x38 common.o
                0x00000000001078a4                MSG_ReadFloat
 .text.MSG_ReadString
                0x00000000001078dc       0x94 common.o
                0x00000000001078dc                MSG_ReadString
 .text.MSG_ReadCoord
                0x0000000000107970       0x7c common.o
                0x0000000000107970                MSG_ReadCoord
 *fill*         0x00000000001079ec        0x4 
 .text.MSG_ReadAngle
                0x00000000001079f0       0x64 common.o
                0x00000000001079f0                MSG_ReadAngle
 .text.SZ_Alloc
                0x0000000000107a54       0x34 common.o
                0x0000000000107a54                SZ_Alloc
 .text.SZ_Clear
                0x0000000000107a88        0xc common.o
                0x0000000000107a88                SZ_Clear
 .text.SZ_GetSpace
                0x0000000000107a94       0x90 common.o
                0x0000000000107a94                SZ_GetSpace
 .text.MSG_WriteFloat
                0x0000000000107b24       0x48 common.o
                0x0000000000107b24                MSG_WriteFloat
 .text.MSG_WriteString
                0x0000000000107b6c       0x58 common.o
                0x0000000000107b6c                MSG_WriteString
 .text.SZ_Write
                0x0000000000107bc4       0xa0 common.o
                0x0000000000107bc4                SZ_Write
 .text.SZ_Print
                0x0000000000107c64       0x80 common.o
                0x0000000000107c64                SZ_Print
 .text.COM_StripExtension
                0x0000000000107ce4       0x30 common.o
                0x0000000000107ce4                COM_StripExtension
 .text.COM_FileExtension
                0x0000000000107d14       0x94 common.o
                0x0000000000107d14                COM_FileExtension
 .text.COM_FileBase
                0x0000000000107da8       0xb4 common.o
                0x0000000000107da8                COM_FileBase
 .text.COM_DefaultExtension
                0x0000000000107e5c       0x50 common.o
                0x0000000000107e5c                COM_DefaultExtension
 .text.COM_Parse
                0x0000000000107eac      0x1a8 common.o
                0x0000000000107eac                COM_Parse
 .text.COM_CheckParm
                0x0000000000108054       0x70 common.o
                0x0000000000108054                COM_CheckParm
 .text.COM_InitArgv
                0x00000000001080c4      0x1b0 common.o
                0x00000000001080c4                COM_InitArgv
 .text.va       0x0000000000108274       0x3c common.o
                0x0000000000108274                va
 .text.COM_WriteFile
                0x00000000001082b0       0x88 common.o
                0x00000000001082b0                COM_WriteFile
 .text.COM_CopyFile
                0x0000000000108338       0xec common.o
                0x0000000000108338                COM_CopyFile
 .text.COM_FindFile
                0x0000000000108424      0x300 common.o
                0x0000000000108424                COM_FindFile
 .text.COM_CheckRegistered
                0x0000000000108724      0x148 common.o
                0x0000000000108724                COM_CheckRegistered
 .text.COM_FOpenFile
                0x000000000010886c        0xc common.o
                0x000000000010886c                COM_FOpenFile
 .text.COM_LoadFile
                0x0000000000108878      0x160 common.o
                0x0000000000108878                COM_LoadFile
 .text.COM_LoadHunkFile
                0x00000000001089d8        0x8 common.o
                0x00000000001089d8                COM_LoadHunkFile
 .text.COM_LoadTempFile
                0x00000000001089e0        0x8 common.o
                0x00000000001089e0                COM_LoadTempFile
 .text.COM_LoadStackFile
                0x00000000001089e8       0x1c common.o
                0x00000000001089e8                COM_LoadStackFile
 .text.COM_LoadPackFile
                0x0000000000108a04      0x1f8 common.o
                0x0000000000108a04                COM_LoadPackFile
 .text.COM_AddGameDirectory
                0x0000000000108bfc       0x9c common.o
                0x0000000000108bfc                COM_AddGameDirectory
 .text.COM_InitFilesystem
                0x0000000000108c98      0x2dc common.o
                0x0000000000108c98                COM_InitFilesystem
 .text.COM_Init
                0x0000000000108f74       0x9c common.o
                0x0000000000108f74                COM_Init
 .text.Con_MessageMode_f
                0x0000000000109010       0x24 console.o
                0x0000000000109010                Con_MessageMode_f
 .text.Con_MessageMode2_f
                0x0000000000109034       0x24 console.o
                0x0000000000109034                Con_MessageMode2_f
 .text.Con_ToggleConsole_f
                0x0000000000109058       0x94 console.o
                0x0000000000109058                Con_ToggleConsole_f
 .text.Con_Clear_f
                0x00000000001090ec       0x20 console.o
                0x00000000001090ec                Con_Clear_f
 .text.Con_ClearNotify
                0x000000000010910c       0x20 console.o
                0x000000000010910c                Con_ClearNotify
 .text.Con_CheckResize
                0x000000000010912c      0x14c console.o
                0x000000000010912c                Con_CheckResize
 .text.Con_Print
                0x0000000000109278      0x1b4 console.o
                0x0000000000109278                Con_Print
 .text.Con_DebugLog
                0x000000000010942c       0x78 console.o
                0x000000000010942c                Con_DebugLog
 .text.Con_Printf
                0x00000000001094a4       0xec console.o
                0x00000000001094a4                Con_Printf
 .text.Con_Init
                0x0000000000109590       0xe0 console.o
                0x0000000000109590                Con_Init
 .text.Con_DPrintf
                0x0000000000109670       0x6c console.o
                0x0000000000109670                Con_DPrintf
 .text.Con_SafePrintf
                0x00000000001096dc       0x64 console.o
                0x00000000001096dc                Con_SafePrintf
 .text.Con_DrawInput
                0x0000000000109740      0x118 console.o
                0x0000000000109740                Con_DrawInput
 .text.Con_DrawNotify
                0x0000000000109858      0x1cc console.o
                0x0000000000109858                Con_DrawNotify
 .text.Con_DrawConsole
                0x0000000000109a24       0xb4 console.o
                0x0000000000109a24                Con_DrawConsole
 .text.CRC_Init
                0x0000000000109ad8        0xc crc.o
                0x0000000000109ad8                CRC_Init
 .text.CRC_ProcessByte
                0x0000000000109ae4       0x24 crc.o
                0x0000000000109ae4                CRC_ProcessByte
 .text.Cvar_FindVar
                0x0000000000109b08       0x54 cvar.o
                0x0000000000109b08                Cvar_FindVar
 .text.Cvar_VariableValue
                0x0000000000109b5c       0x58 cvar.o
                0x0000000000109b5c                Cvar_VariableValue
 .text.Cvar_VariableString
                0x0000000000109bb4       0x58 cvar.o
                0x0000000000109bb4                Cvar_VariableString
 .text.Cvar_CompleteVariable
                0x0000000000109c0c       0x60 cvar.o
                0x0000000000109c0c                Cvar_CompleteVariable
 .text.Cvar_Set
                0x0000000000109c6c       0xd4 cvar.o
                0x0000000000109c6c                Cvar_Set
 .text.Cvar_SetValue
                0x0000000000109d40       0x38 cvar.o
                0x0000000000109d40                Cvar_SetValue
 .text.Cvar_RegisterVariable
                0x0000000000109d78       0xbc cvar.o
                0x0000000000109d78                Cvar_RegisterVariable
 .text.Cvar_Command
                0x0000000000109e34       0x94 cvar.o
                0x0000000000109e34                Cvar_Command
 .text.Cvar_WriteVariables
                0x0000000000109ec8       0x54 cvar.o
                0x0000000000109ec8                Cvar_WriteVariables
 .text.Host_FindMaxClients
                0x0000000000109f1c      0x198 host.o
                0x0000000000109f1c                Host_FindMaxClients
 .text.Host_InitLocal
                0x000000000010a0b4       0xa8 host.o
                0x000000000010a0b4                Host_InitLocal
 .text.Host_WriteConfiguration
                0x000000000010a15c       0x80 host.o
                0x000000000010a15c                Host_WriteConfiguration
 .text.SV_ClientPrintf
                0x000000000010a1dc       0x64 host.o
                0x000000000010a1dc                SV_ClientPrintf
 .text.SV_BroadcastPrintf
                0x000000000010a240       0xb8 host.o
                0x000000000010a240                SV_BroadcastPrintf
 .text.Host_ClientCommands
                0x000000000010a2f8       0x64 host.o
                0x000000000010a2f8                Host_ClientCommands
 .text.SV_DropClient
                0x000000000010a35c      0x1f8 host.o
                0x000000000010a35c                SV_DropClient
 *fill*         0x000000000010a554        0x4 
 .text.Host_ShutdownServer.part.0
                0x000000000010a558      0x1f8 host.o
 .text.Host_EndGame
                0x000000000010a750       0xa4 host.o
                0x000000000010a750                Host_EndGame
 .text.Host_Error
                0x000000000010a7f4       0xd0 host.o
                0x000000000010a7f4                Host_Error
 .text.Host_ShutdownServer
                0x000000000010a8c4       0x18 host.o
                0x000000000010a8c4                Host_ShutdownServer
 .text.Host_ClearMemory
                0x000000000010a8dc       0x78 host.o
                0x000000000010a8dc                Host_ClearMemory
 *fill*         0x000000000010a954        0x4 
 .text.Host_FilterTime
                0x000000000010a958       0xc4 host.o
                0x000000000010a958                Host_FilterTime
 .text.Host_ServerFrame
                0x000000000010aa1c       0x78 host.o
                0x000000000010aa1c                Host_ServerFrame
 *fill*         0x000000000010aa94        0x4 
 .text._Host_Frame
                0x000000000010aa98      0x234 host.o
                0x000000000010aa98                _Host_Frame
 *fill*         0x000000000010accc        0x4 
 .text.Host_Frame
                0x000000000010acd0      0x108 host.o
                0x000000000010acd0                Host_Frame
 .text.Host_InitVCR
                0x000000000010add8      0x268 host.o
                0x000000000010add8                Host_InitVCR
 .text.Host_Init
                0x000000000010b040      0x21c host.o
                0x000000000010b040                Host_Init
 .text.Host_Shutdown
                0x000000000010b25c       0x68 host.o
                0x000000000010b25c                Host_Shutdown
 .text.Host_Quit_f
                0x000000000010b2c4       0x44 host_cmd.o
                0x000000000010b2c4                Host_Quit_f
 .text.Host_Version_f
                0x000000000010b308       0x30 host_cmd.o
                0x000000000010b308                Host_Version_f
 .text.Host_God_f
                0x000000000010b338       0x9c host_cmd.o
                0x000000000010b338                Host_God_f
 .text.Host_Notarget_f
                0x000000000010b3d4       0x9c host_cmd.o
                0x000000000010b3d4                Host_Notarget_f
 .text.Host_Noclip_f
                0x000000000010b470       0xb4 host_cmd.o
                0x000000000010b470                Host_Noclip_f
 .text.Host_Fly_f
                0x000000000010b524       0x98 host_cmd.o
                0x000000000010b524                Host_Fly_f
 .text.Host_Ping_f
                0x000000000010b5bc       0xe0 host_cmd.o
                0x000000000010b5bc                Host_Ping_f
 .text.Host_Status_f
                0x000000000010b69c      0x214 host_cmd.o
                0x000000000010b69c                Host_Status_f
 .text.Host_Reconnect_f
                0x000000000010b8b0       0x1c host_cmd.o
                0x000000000010b8b0                Host_Reconnect_f
 .text.Host_Map_f
                0x000000000010b8cc      0x16c host_cmd.o
                0x000000000010b8cc                Host_Map_f
 .text.Host_Connect_f
                0x000000000010ba38       0x60 host_cmd.o
                0x000000000010ba38                Host_Connect_f
 .text.Host_Loadgame_f
                0x000000000010ba98      0x3ec host_cmd.o
                0x000000000010ba98                Host_Loadgame_f
 .text.Host_Name_f
                0x000000000010be84      0x1b8 host_cmd.o
                0x000000000010be84                Host_Name_f
 .text.Host_Color_f
                0x000000000010c03c      0x164 host_cmd.o
                0x000000000010c03c                Host_Color_f
 .text.Host_PreSpawn_f
                0x000000000010c1a0       0x94 host_cmd.o
                0x000000000010c1a0                Host_PreSpawn_f
 .text.Host_Spawn_f
                0x000000000010c234      0x468 host_cmd.o
                0x000000000010c234                Host_Spawn_f
 .text.Host_Kick_f
                0x000000000010c69c      0x268 host_cmd.o
                0x000000000010c69c                Host_Kick_f
 .text.Host_Begin_f
                0x000000000010c904       0x38 host_cmd.o
                0x000000000010c904                Host_Begin_f
 .text.Host_Restart_f
                0x000000000010c93c       0x60 host_cmd.o
                0x000000000010c93c                Host_Restart_f
 .text.Host_Changelevel_f
                0x000000000010c99c       0x80 host_cmd.o
                0x000000000010c99c                Host_Changelevel_f
 .text.Host_Stopdemo_f
                0x000000000010ca1c       0x30 host_cmd.o
                0x000000000010ca1c                Host_Stopdemo_f
 .text.Host_Tell_f
                0x000000000010ca4c      0x16c host_cmd.o
                0x000000000010ca4c                Host_Tell_f
 .text.Host_Kill_f
                0x000000000010cbb8       0x74 host_cmd.o
                0x000000000010cbb8                Host_Kill_f
 .text.Host_Pause_f
                0x000000000010cc2c       0xac host_cmd.o
                0x000000000010cc2c                Host_Pause_f
 .text.Host_Give_f
                0x000000000010ccd8      0x544 host_cmd.o
                0x000000000010ccd8                Host_Give_f
 .text.Host_Startdemos_f
                0x000000000010d21c       0xf4 host_cmd.o
                0x000000000010d21c                Host_Startdemos_f
 .text.Host_Demos_f
                0x000000000010d310       0x34 host_cmd.o
                0x000000000010d310                Host_Demos_f
 .text.Host_SavegameComment
                0x000000000010d344       0x98 host_cmd.o
                0x000000000010d344                Host_SavegameComment
 .text.Host_Savegame_f
                0x000000000010d3dc      0x2f0 host_cmd.o
                0x000000000010d3dc                Host_Savegame_f
 .text.Host_Say
                0x000000000010d6cc      0x210 host_cmd.o
                0x000000000010d6cc                Host_Say
 .text.Host_Say_f
                0x000000000010d8dc        0x8 host_cmd.o
                0x000000000010d8dc                Host_Say_f
 .text.Host_Say_Team_f
                0x000000000010d8e4        0x8 host_cmd.o
                0x000000000010d8e4                Host_Say_Team_f
 .text.FindViewthing
                0x000000000010d8ec       0x88 host_cmd.o
                0x000000000010d8ec                FindViewthing
 .text.Host_Viewmodel_f
                0x000000000010d974       0x6c host_cmd.o
                0x000000000010d974                Host_Viewmodel_f
 .text.Host_Viewframe_f
                0x000000000010d9e0       0x54 host_cmd.o
                0x000000000010d9e0                Host_Viewframe_f
 .text.Host_Viewnext_f
                0x000000000010da34       0xa4 host_cmd.o
                0x000000000010da34                Host_Viewnext_f
 .text.Host_Viewprev_f
                0x000000000010dad8       0x88 host_cmd.o
                0x000000000010dad8                Host_Viewprev_f
 .text.Host_InitCommands
                0x000000000010db60      0x2c4 host_cmd.o
                0x000000000010db60                Host_InitCommands
 .text.Key_Console
                0x000000000010de24      0x350 keys.o
                0x000000000010de24                Key_Console
 .text.Key_Message
                0x000000000010e174       0xdc keys.o
                0x000000000010e174                Key_Message
 .text.Key_StringToKeynum
                0x000000000010e250       0x68 keys.o
                0x000000000010e250                Key_StringToKeynum
 .text.Key_KeynumToString
                0x000000000010e2b8       0x78 keys.o
                0x000000000010e2b8                Key_KeynumToString
 .text.Key_SetBinding
                0x000000000010e330       0x6c keys.o
                0x000000000010e330                Key_SetBinding
 .text.Key_Unbind_f
                0x000000000010e39c       0x60 keys.o
                0x000000000010e39c                Key_Unbind_f
 .text.Key_Unbindall_f
                0x000000000010e3fc       0x44 keys.o
                0x000000000010e3fc                Key_Unbindall_f
 .text.Key_Bind_f
                0x000000000010e440      0x104 keys.o
                0x000000000010e440                Key_Bind_f
 .text.Key_WriteBindings
                0x000000000010e544       0xd8 keys.o
                0x000000000010e544                Key_WriteBindings
 .text.Key_Init
                0x000000000010e61c      0x1c0 keys.o
                0x000000000010e61c                Key_Init
 .text.Key_Event
                0x000000000010e7dc      0x34c keys.o
                0x000000000010e7dc                Key_Event
 .text.ProjectPointOnPlane
                0x000000000010eb28       0x70 mathlib.o
                0x000000000010eb28                ProjectPointOnPlane
 .text.anglemod
                0x000000000010eb98       0x40 mathlib.o
                0x000000000010eb98                anglemod
 .text.BoxOnPlaneSide
                0x000000000010ebd8      0x178 mathlib.o
                0x000000000010ebd8                BoxOnPlaneSide
 .text.AngleVectors
                0x000000000010ed50      0x120 mathlib.o
                0x000000000010ed50                AngleVectors
 .text.VectorMA
                0x000000000010ee70       0x34 mathlib.o
                0x000000000010ee70                VectorMA
 .text.CrossProduct
                0x000000000010eea4       0x58 mathlib.o
                0x000000000010eea4                CrossProduct
 .text.Length   0x000000000010eefc       0x50 mathlib.o
                0x000000000010eefc                Length
 .text.VectorNormalize
                0x000000000010ef4c       0x8c mathlib.o
                0x000000000010ef4c                VectorNormalize
 .text.PerpendicularVector
                0x000000000010efd8       0x8c mathlib.o
                0x000000000010efd8                PerpendicularVector
 .text.VectorScale
                0x000000000010f064       0x28 mathlib.o
                0x000000000010f064                VectorScale
 .text.R_ConcatRotations
                0x000000000010f08c      0x16c mathlib.o
                0x000000000010f08c                R_ConcatRotations
 .text.RotatePointAroundVector
                0x000000000010f1f8      0x194 mathlib.o
                0x000000000010f1f8                RotatePointAroundVector
 .text.M_Menu_Main_f
                0x000000000010f38c       0x4c menu.o
                0x000000000010f38c                M_Menu_Main_f
 .text.M_Menu_SinglePlayer_f
                0x000000000010f3d8       0x2c menu.o
                0x000000000010f3d8                M_Menu_SinglePlayer_f
 .text.M_Menu_MultiPlayer_f
                0x000000000010f404       0x2c menu.o
                0x000000000010f404                M_Menu_MultiPlayer_f
 .text.M_Menu_Options_f
                0x000000000010f430       0x2c menu.o
                0x000000000010f430                M_Menu_Options_f
 .text.M_Menu_Keys_f
                0x000000000010f45c       0x2c menu.o
                0x000000000010f45c                M_Menu_Keys_f
 .text.M_Menu_Video_f
                0x000000000010f488       0x2c menu.o
                0x000000000010f488                M_Menu_Video_f
 .text.M_Menu_Help_f
                0x000000000010f4b4       0x38 menu.o
                0x000000000010f4b4                M_Menu_Help_f
 .text.M_Menu_Setup_f
                0x000000000010f4ec       0x80 menu.o
                0x000000000010f4ec                M_Menu_Setup_f
 .text.M_Menu_Quit_f
                0x000000000010f56c       0x60 menu.o
                0x000000000010f56c                M_Menu_Quit_f
 .text.M_ToggleMenu_f
                0x000000000010f5cc       0x74 menu.o
                0x000000000010f5cc                M_ToggleMenu_f
 .text.M_DrawPic
                0x000000000010f640       0x18 menu.o
                0x000000000010f640                M_DrawPic
 .text.M_BuildTranslationTable
                0x000000000010f658       0xd8 menu.o
                0x000000000010f658                M_BuildTranslationTable
 .text.M_DrawTextBox
                0x000000000010f730      0x280 menu.o
                0x000000000010f730                M_DrawTextBox
 .text.M_Main_Draw
                0x000000000010f9b0      0x118 menu.o
                0x000000000010f9b0                M_Main_Draw
 .text.M_Main_Key
                0x000000000010fac8      0x1a8 menu.o
                0x000000000010fac8                M_Main_Key
 .text.M_SinglePlayer_Draw
                0x000000000010fc70      0x118 menu.o
                0x000000000010fc70                M_SinglePlayer_Draw
 .text.M_ScanSaves
                0x000000000010fd88      0x108 menu.o
                0x000000000010fd88                M_ScanSaves
 .text.M_Menu_Load_f
                0x000000000010fe90       0x28 menu.o
                0x000000000010fe90                M_Menu_Load_f
 .text.M_Menu_Save_f
                0x000000000010feb8       0x64 menu.o
                0x000000000010feb8                M_Menu_Save_f
 .text.M_SinglePlayer_Key
                0x000000000010ff1c      0x1c4 menu.o
                0x000000000010ff1c                M_SinglePlayer_Key
 .text.M_Load_Draw
                0x00000000001100e0       0xf4 menu.o
                0x00000000001100e0                M_Load_Draw
 *fill*         0x00000000001101d4        0x4 
 .text.M_Save_Draw
                0x00000000001101d8       0xf4 menu.o
                0x00000000001101d8                M_Save_Draw
 .text.M_Load_Key
                0x00000000001102cc      0x108 menu.o
                0x00000000001102cc                M_Load_Key
 .text.M_Save_Key
                0x00000000001103d4       0xe4 menu.o
                0x00000000001103d4                M_Save_Key
 .text.M_MultiPlayer_Draw
                0x00000000001104b8      0x180 menu.o
                0x00000000001104b8                M_MultiPlayer_Draw
 .text.M_Setup_Draw
                0x0000000000110638      0x3b8 menu.o
                0x0000000000110638                M_Setup_Draw
 .text.M_Setup_Key
                0x00000000001109f0      0x3c0 menu.o
                0x00000000001109f0                M_Setup_Key
 .text.M_Net_Draw
                0x0000000000110db0      0x370 menu.o
                0x0000000000110db0                M_Net_Draw
 .text.M_AdjustSliders
                0x0000000000111120      0x354 menu.o
                0x0000000000111120                M_AdjustSliders
 .text.M_DrawSlider
                0x0000000000111474       0xe4 menu.o
                0x0000000000111474                M_DrawSlider
 .text.M_Options_Draw
                0x0000000000111558      0x674 menu.o
                0x0000000000111558                M_Options_Draw
 .text.M_Options_Key
                0x0000000000111bcc      0x22c menu.o
                0x0000000000111bcc                M_Options_Key
 .text.M_FindKeysForCommand
                0x0000000000111df8       0x70 menu.o
                0x0000000000111df8                M_FindKeysForCommand
 .text.M_UnbindCommand
                0x0000000000111e68       0x68 menu.o
                0x0000000000111e68                M_UnbindCommand
 .text.M_Keys_Draw
                0x0000000000111ed0      0x2c4 menu.o
                0x0000000000111ed0                M_Keys_Draw
 .text.M_Keys_Key
                0x0000000000112194      0x1b4 menu.o
                0x0000000000112194                M_Keys_Key
 .text.M_Help_Draw
                0x0000000000112348       0x44 menu.o
                0x0000000000112348                M_Help_Draw
 .text.M_Help_Key
                0x000000000011238c       0xc0 menu.o
                0x000000000011238c                M_Help_Key
 .text.M_Quit_Key
                0x000000000011244c       0x70 menu.o
                0x000000000011244c                M_Quit_Key
 .text.M_Menu_SerialConfig_f
                0x00000000001124bc       0xfc menu.o
                0x00000000001124bc                M_Menu_SerialConfig_f
 .text.M_SerialConfig_Draw
                0x00000000001125b8      0x578 menu.o
                0x00000000001125b8                M_SerialConfig_Draw
 .text.M_ModemConfig_Draw
                0x0000000000112b30      0x4ac menu.o
                0x0000000000112b30                M_ModemConfig_Draw
 .text.M_ModemConfig_Key
                0x0000000000112fdc      0x290 menu.o
                0x0000000000112fdc                M_ModemConfig_Key
 .text.M_Menu_LanConfig_f
                0x000000000011326c       0xb8 menu.o
                0x000000000011326c                M_Menu_LanConfig_f
 .text.M_Net_Key
                0x0000000000113324      0x210 menu.o
                0x0000000000113324                M_Net_Key
 .text.M_SerialConfig_Key
                0x0000000000113534      0x690 menu.o
                0x0000000000113534                M_SerialConfig_Key
 .text.M_MultiPlayer_Key
                0x0000000000113bc4      0x15c menu.o
                0x0000000000113bc4                M_MultiPlayer_Key
 .text.M_LanConfig_Draw
                0x0000000000113d20      0x4ec menu.o
                0x0000000000113d20                M_LanConfig_Draw
 .text.M_LanConfig_Key
                0x000000000011420c      0x428 menu.o
                0x000000000011420c                M_LanConfig_Key
 *fill*         0x0000000000114634        0x4 
 .text.M_GameOptions_Draw
                0x0000000000114638      0xb64 menu.o
                0x0000000000114638                M_GameOptions_Draw
 .text.M_NetStart_Change
                0x000000000011519c      0x3d0 menu.o
                0x000000000011519c                M_NetStart_Change
 .text.M_GameOptions_Key
                0x000000000011556c      0x248 menu.o
                0x000000000011556c                M_GameOptions_Key
 *fill*         0x00000000001157b4        0x4 
 .text.M_Search_Draw
                0x00000000001157b8      0x190 menu.o
                0x00000000001157b8                M_Search_Draw
 .text.M_ServerList_Draw
                0x0000000000115948      0x254 menu.o
                0x0000000000115948                M_ServerList_Draw
 .text.M_ServerList_Key
                0x0000000000115b9c      0x164 menu.o
                0x0000000000115b9c                M_ServerList_Key
 .text.M_Init   0x0000000000115d00       0xf8 menu.o
                0x0000000000115d00                M_Init
 .text.M_Draw   0x0000000000115df8      0x1b0 menu.o
                0x0000000000115df8                M_Draw
 .text.M_Quit_Draw
                0x0000000000115fa8      0x18c menu.o
                0x0000000000115fa8                M_Quit_Draw
 .text.M_Keydown
                0x0000000000116134       0xb0 menu.o
                0x0000000000116134                M_Keydown
 .text.NET_Ban_f
                0x00000000001161e4      0x198 net_dgrm.o
                0x00000000001161e4                NET_Ban_f
 *fill*         0x000000000011637c        0x4 
 .text.Test_Poll
                0x0000000000116380      0x19c net_dgrm.o
 *fill*         0x000000000011651c        0x4 
 .text.Test_f   0x0000000000116520      0x258 net_dgrm.o
 .text.Test2_Poll
                0x0000000000116778      0x1c4 net_dgrm.o
 *fill*         0x000000000011693c        0x4 
 .text.Test2_f  0x0000000000116940      0x234 net_dgrm.o
 .text.NET_Stats_f
                0x0000000000116b74      0x264 net_dgrm.o
                0x0000000000116b74                NET_Stats_f
 .text.Datagram_SendMessage
                0x0000000000116dd8       0xf4 net_dgrm.o
                0x0000000000116dd8                Datagram_SendMessage
 .text.SendMessageNext
                0x0000000000116ecc       0xe4 net_dgrm.o
                0x0000000000116ecc                SendMessageNext
 .text.ReSendMessage
                0x0000000000116fb0       0xdc net_dgrm.o
                0x0000000000116fb0                ReSendMessage
 .text.Datagram_CanSendMessage
                0x000000000011708c       0x28 net_dgrm.o
                0x000000000011708c                Datagram_CanSendMessage
 .text.Datagram_CanSendUnreliableMessage
                0x00000000001170b4        0x8 net_dgrm.o
                0x00000000001170b4                Datagram_CanSendUnreliableMessage
 .text.Datagram_SendUnreliableMessage
                0x00000000001170bc       0xac net_dgrm.o
                0x00000000001170bc                Datagram_SendUnreliableMessage
 .text.Datagram_GetMessage
                0x0000000000117168      0x390 net_dgrm.o
                0x0000000000117168                Datagram_GetMessage
 .text.Datagram_Init
                0x00000000001174f8       0xdc net_dgrm.o
                0x00000000001174f8                Datagram_Init
 .text.Datagram_Shutdown
                0x00000000001175d4       0x58 net_dgrm.o
                0x00000000001175d4                Datagram_Shutdown
 .text.Datagram_Close
                0x000000000011762c       0x24 net_dgrm.o
                0x000000000011762c                Datagram_Close
 .text.Datagram_Listen
                0x0000000000117650       0x58 net_dgrm.o
                0x0000000000117650                Datagram_Listen
 .text.Datagram_CheckNewConnections
                0x00000000001176a8      0x798 net_dgrm.o
                0x00000000001176a8                Datagram_CheckNewConnections
 .text.Datagram_SearchForHosts
                0x0000000000117e40      0x4d0 net_dgrm.o
                0x0000000000117e40                Datagram_SearchForHosts
 .text.Datagram_Connect
                0x0000000000118310      0x4a4 net_dgrm.o
                0x0000000000118310                Datagram_Connect
 .text.UDP_Shutdown
                0x00000000001187b4       0x5c net_udpctr.o
                0x00000000001187b4                UDP_Shutdown
 .text.UDP_OpenSocket
                0x0000000000118810       0x9c net_udpctr.o
                0x0000000000118810                UDP_OpenSocket
 .text.UDP_Listen
                0x00000000001188ac       0x7c net_udpctr.o
                0x00000000001188ac                UDP_Listen
 .text.UDP_CloseSocket
                0x0000000000118928       0x1c net_udpctr.o
                0x0000000000118928                UDP_CloseSocket
 .text.UDP_Connect
                0x0000000000118944        0x8 net_udpctr.o
                0x0000000000118944                UDP_Connect
 .text.UDP_CheckNewConnections
                0x000000000011894c       0x5c net_udpctr.o
                0x000000000011894c                UDP_CheckNewConnections
 .text.UDP_Read
                0x00000000001189a8       0x38 net_udpctr.o
                0x00000000001189a8                UDP_Read
 .text.UDP_Broadcast
                0x00000000001189e0       0x70 net_udpctr.o
                0x00000000001189e0                UDP_Broadcast
 .text.UDP_Write
                0x0000000000118a50       0x30 net_udpctr.o
                0x0000000000118a50                UDP_Write
 .text.UDP_AddrToString
                0x0000000000118a80       0x64 net_udpctr.o
                0x0000000000118a80                UDP_AddrToString
 .text.UDP_StringToAddr
                0x0000000000118ae4       0x80 net_udpctr.o
                0x0000000000118ae4                UDP_StringToAddr
 .text.UDP_GetSocketAddr
                0x0000000000118b64       0x7c net_udpctr.o
                0x0000000000118b64                UDP_GetSocketAddr
 .text.UDP_Init
                0x0000000000118be0      0x19c net_udpctr.o
                0x0000000000118be0                UDP_Init
 .text.UDP_GetNameFromAddr
                0x0000000000118d7c       0xa0 net_udpctr.o
                0x0000000000118d7c                UDP_GetNameFromAddr
 .text.UDP_GetAddrFromName
                0x0000000000118e1c      0x16c net_udpctr.o
                0x0000000000118e1c                UDP_GetAddrFromName
 .text.UDP_AddrCompare
                0x0000000000118f88       0x3c net_udpctr.o
                0x0000000000118f88                UDP_AddrCompare
 .text.UDP_GetSocketPort
                0x0000000000118fc4       0x10 net_udpctr.o
                0x0000000000118fc4                UDP_GetSocketPort
 .text.UDP_SetSocketPort
                0x0000000000118fd4       0x14 net_udpctr.o
                0x0000000000118fd4                UDP_SetSocketPort
 .text.Loop_Init
                0x0000000000118fe8       0x1c net_loop.o
                0x0000000000118fe8                Loop_Init
 .text.Loop_Shutdown
                0x0000000000119004        0x4 net_loop.o
                0x0000000000119004                Loop_Shutdown
 .text.Loop_Listen
                0x0000000000119008        0x4 net_loop.o
                0x0000000000119008                Loop_Listen
 .text.Loop_SearchForHosts
                0x000000000011900c       0xb0 net_loop.o
                0x000000000011900c                Loop_SearchForHosts
 .text.Loop_Connect
                0x00000000001190bc       0xe8 net_loop.o
                0x00000000001190bc                Loop_Connect
 .text.Loop_CheckNewConnections
                0x00000000001191a4       0x50 net_loop.o
                0x00000000001191a4                Loop_CheckNewConnections
 .text.Loop_GetMessage
                0x00000000001191f4       0xa8 net_loop.o
                0x00000000001191f4                Loop_GetMessage
 .text.Loop_SendMessage
                0x000000000011929c       0xb8 net_loop.o
                0x000000000011929c                Loop_SendMessage
 .text.Loop_SendUnreliableMessage
                0x0000000000119354       0x98 net_loop.o
                0x0000000000119354                Loop_SendUnreliableMessage
 .text.Loop_CanSendMessage
                0x00000000001193ec       0x14 net_loop.o
                0x00000000001193ec                Loop_CanSendMessage
 .text.Loop_CanSendUnreliableMessage
                0x0000000000119400        0x8 net_loop.o
                0x0000000000119400                Loop_CanSendUnreliableMessage
 .text.Loop_Close
                0x0000000000119408       0x48 net_loop.o
                0x0000000000119408                Loop_Close
 .text.PrintSlist
                0x0000000000119450       0x90 net_main.o
 .text.NET_Listen_f
                0x00000000001194e0       0xb0 net_main.o
 .text.NET_Port_f
                0x0000000000119590       0x98 net_main.o
 .text.MaxPlayers_f
                0x0000000000119628      0x124 net_main.o
 .text.NET_CanSendMessage.part.0
                0x000000000011974c       0x90 net_main.o
 *fill*         0x00000000001197dc        0x4 
 .text.NET_Slist_f.part.0
                0x00000000001197e0      0x174 net_main.o
 .text.NET_Slist_f
                0x0000000000119954       0x18 net_main.o
                0x0000000000119954                NET_Slist_f
 *fill*         0x000000000011996c        0x4 
 .text.Slist_Send
                0x0000000000119970      0x134 net_main.o
 *fill*         0x0000000000119aa4        0x4 
 .text.Slist_Poll
                0x0000000000119aa8      0x18c net_main.o
 .text.SetNetTime
                0x0000000000119c34       0x18 net_main.o
                0x0000000000119c34                SetNetTime
 .text.NET_NewQSocket
                0x0000000000119c4c       0xbc net_main.o
                0x0000000000119c4c                NET_NewQSocket
 .text.NET_FreeQSocket
                0x0000000000119d08       0x74 net_main.o
                0x0000000000119d08                NET_FreeQSocket
 .text.NET_CheckNewConnections
                0x0000000000119d7c      0x140 net_main.o
                0x0000000000119d7c                NET_CheckNewConnections
 .text.NET_Close
                0x0000000000119ebc       0x54 net_main.o
                0x0000000000119ebc                NET_Close
 .text.NET_GetMessage
                0x0000000000119f10      0x198 net_main.o
                0x0000000000119f10                NET_GetMessage
 .text.NET_SendMessage
                0x000000000011a0a8       0xdc net_main.o
                0x000000000011a0a8                NET_SendMessage
 .text.NET_SendUnreliableMessage
                0x000000000011a184       0xdc net_main.o
                0x000000000011a184                NET_SendUnreliableMessage
 .text.NET_CanSendMessage
                0x000000000011a260       0x20 net_main.o
                0x000000000011a260                NET_CanSendMessage
 .text.NET_SendToAll
                0x000000000011a280      0x208 net_main.o
                0x000000000011a280                NET_SendToAll
 .text.NET_Init
                0x000000000011a488      0x368 net_main.o
                0x000000000011a488                NET_Init
 .text.NET_Shutdown
                0x000000000011a7f0      0x104 net_main.o
                0x000000000011a7f0                NET_Shutdown
 .text.NET_Poll
                0x000000000011a8f4      0x100 net_main.o
                0x000000000011a8f4                NET_Poll
 .text.NET_Connect
                0x000000000011a9f4      0x248 net_main.o
                0x000000000011a9f4                NET_Connect
 .text.SchedulePollProcedure
                0x000000000011ac3c       0x90 net_main.o
                0x000000000011ac3c                SchedulePollProcedure
 .text.VCR_Shutdown
                0x000000000011accc        0x4 net_vcr.o
                0x000000000011accc                VCR_Shutdown
 .text.VCR_Close
                0x000000000011acd0        0x4 net_vcr.o
                0x000000000011acd0                VCR_Close
 .text.VCR_Connect
                0x000000000011acd4        0x8 net_vcr.o
                0x000000000011acd4                VCR_Connect
 .text.VCR_Init
                0x000000000011acdc       0x9c net_vcr.o
                0x000000000011acdc                VCR_Init
 .text.VCR_SearchForHosts
                0x000000000011ad78        0x4 net_vcr.o
                0x000000000011ad78                VCR_SearchForHosts
 .text.VCR_ReadNext
                0x000000000011ad7c       0x64 net_vcr.o
                0x000000000011ad7c                VCR_ReadNext
 .text.VCR_GetMessage
                0x000000000011ade0       0xcc net_vcr.o
                0x000000000011ade0                VCR_GetMessage
 .text.VCR_SendMessage
                0x000000000011aeac       0x80 net_vcr.o
                0x000000000011aeac                VCR_SendMessage
 .text.VCR_CanSendMessage
                0x000000000011af2c       0x80 net_vcr.o
                0x000000000011af2c                VCR_CanSendMessage
 .text.VCR_CheckNewConnections
                0x000000000011afac       0x84 net_vcr.o
                0x000000000011afac                VCR_CheckNewConnections
 .text.PF_fabs  0x000000000011b030       0x1c pr_cmds.o
                0x000000000011b030                PF_fabs
 .text.PF_precache_file
                0x000000000011b04c       0x18 pr_cmds.o
                0x000000000011b04c                PF_precache_file
 .text.PF_traceon
                0x000000000011b064       0x14 pr_cmds.o
                0x000000000011b064                PF_traceon
 .text.PF_traceoff
                0x000000000011b078       0x14 pr_cmds.o
                0x000000000011b078                PF_traceoff
 *fill*         0x000000000011b08c        0x4 
 .text.PF_rint  0x000000000011b090       0x44 pr_cmds.o
                0x000000000011b090                PF_rint
 .text.PF_break
                0x000000000011b0d4       0x20 pr_cmds.o
                0x000000000011b0d4                PF_break
 .text.PF_Remove
                0x000000000011b0f4       0x24 pr_cmds.o
                0x000000000011b0f4                PF_Remove
 .text.PF_makevectors
                0x000000000011b118       0x2c pr_cmds.o
                0x000000000011b118                PF_makevectors
 .text.PF_setorigin
                0x000000000011b144       0x40 pr_cmds.o
                0x000000000011b144                PF_setorigin
 .text.PF_Fixme
                0x000000000011b184        0xc pr_cmds.o
                0x000000000011b184                PF_Fixme
 .text.PF_setspawnparms
                0x000000000011b190       0xa4 pr_cmds.o
                0x000000000011b190                PF_setspawnparms
 .text.PF_lightstyle
                0x000000000011b234       0xbc pr_cmds.o
                0x000000000011b234                PF_lightstyle
 .text.PF_normalize
                0x000000000011b2f0       0x94 pr_cmds.o
                0x000000000011b2f0                PF_normalize
 .text.PF_vlen  0x000000000011b384       0x54 pr_cmds.o
                0x000000000011b384                PF_vlen
 .text.PF_vectoyaw
                0x000000000011b3d8       0x94 pr_cmds.o
                0x000000000011b3d8                PF_vectoyaw
 *fill*         0x000000000011b46c        0x4 
 .text.PF_vectoangles
                0x000000000011b470      0x12c pr_cmds.o
                0x000000000011b470                PF_vectoangles
 .text.PF_random
                0x000000000011b59c       0x38 pr_cmds.o
                0x000000000011b59c                PF_random
 .text.PF_particle
                0x000000000011b5d4       0x30 pr_cmds.o
                0x000000000011b5d4                PF_particle
 .text.PF_ambientsound
                0x000000000011b604      0x10c pr_cmds.o
                0x000000000011b604                PF_ambientsound
 .text.PF_sound
                0x000000000011b710       0xf8 pr_cmds.o
                0x000000000011b710                PF_sound
 .text.PF_traceline
                0x000000000011b808      0x100 pr_cmds.o
                0x000000000011b808                PF_traceline
 .text.PF_droptofloor
                0x000000000011b908      0x120 pr_cmds.o
                0x000000000011b908                PF_droptofloor
 .text.PF_Find  0x000000000011ba28       0xe0 pr_cmds.o
                0x000000000011ba28                PF_Find
 .text.PF_stuffcmd
                0x000000000011bb08       0xa8 pr_cmds.o
                0x000000000011bb08                PF_stuffcmd
 .text.PF_localcmd
                0x000000000011bbb0       0x24 pr_cmds.o
                0x000000000011bbb0                PF_localcmd
 .text.PF_cvar  0x000000000011bbd4       0x30 pr_cmds.o
                0x000000000011bbd4                PF_cvar
 .text.PF_cvar_set
                0x000000000011bc04       0x2c pr_cmds.o
                0x000000000011bc04                PF_cvar_set
 .text.PF_findradius
                0x000000000011bc30      0x12c pr_cmds.o
                0x000000000011bc30                PF_findradius
 .text.PF_ftos  0x000000000011bd5c       0x7c pr_cmds.o
                0x000000000011bd5c                PF_ftos
 .text.PF_vtos  0x000000000011bdd8       0x70 pr_cmds.o
                0x000000000011bdd8                PF_vtos
 .text.PF_Spawn
                0x000000000011be48       0x2c pr_cmds.o
                0x000000000011be48                PF_Spawn
 .text.PF_coredump
                0x000000000011be74        0x4 pr_cmds.o
                0x000000000011be74                PF_coredump
 .text.PF_eprint
                0x000000000011be78       0x30 pr_cmds.o
                0x000000000011be78                PF_eprint
 .text.PF_walkmove
                0x000000000011bea8      0x114 pr_cmds.o
                0x000000000011bea8                PF_walkmove
 .text.PF_floor
                0x000000000011bfbc       0x28 pr_cmds.o
                0x000000000011bfbc                PF_floor
 .text.PF_ceil  0x000000000011bfe4       0x28 pr_cmds.o
                0x000000000011bfe4                PF_ceil
 .text.PF_checkbottom
                0x000000000011c00c       0x3c pr_cmds.o
                0x000000000011c00c                PF_checkbottom
 .text.PF_pointcontents
                0x000000000011c048       0x2c pr_cmds.o
                0x000000000011c048                PF_pointcontents
 *fill*         0x000000000011c074        0x4 
 .text.PF_aim   0x000000000011c078      0x3a8 pr_cmds.o
                0x000000000011c078                PF_aim
 .text.PF_changeyaw
                0x000000000011c420       0xb4 pr_cmds.o
                0x000000000011c420                PF_changeyaw
 .text.PF_makestatic
                0x000000000011c4d4       0xd0 pr_cmds.o
                0x000000000011c4d4                PF_makestatic
 .text.PF_nextent
                0x000000000011c5a4       0x78 pr_cmds.o
                0x000000000011c5a4                PF_nextent
 .text.PF_changelevel
                0x000000000011c61c       0x54 pr_cmds.o
                0x000000000011c61c                PF_changelevel
 .text.PF_precache_model
                0x000000000011c670       0xd0 pr_cmds.o
                0x000000000011c670                PF_precache_model
 .text.PF_precache_sound
                0x000000000011c740       0xbc pr_cmds.o
                0x000000000011c740                PF_precache_sound
 .text.PF_bprint
                0x000000000011c7fc       0x84 pr_cmds.o
                0x000000000011c7fc                PF_bprint
 .text.PF_dprint
                0x000000000011c880       0x84 pr_cmds.o
                0x000000000011c880                PF_dprint
 .text.PF_error
                0x000000000011c904       0xc8 pr_cmds.o
                0x000000000011c904                PF_error
 .text.PF_objerror
                0x000000000011c9cc       0xd4 pr_cmds.o
                0x000000000011c9cc                PF_objerror
 .text.PF_sprint
                0x000000000011caa0       0xf0 pr_cmds.o
                0x000000000011caa0                PF_sprint
 .text.PF_centerprint
                0x000000000011cb90       0xf0 pr_cmds.o
                0x000000000011cb90                PF_centerprint
 .text.SetMinMaxSize
                0x000000000011cc80       0xb8 pr_cmds.o
                0x000000000011cc80                SetMinMaxSize
 .text.PF_setsize
                0x000000000011cd38       0x30 pr_cmds.o
                0x000000000011cd38                PF_setsize
 .text.PF_setmodel
                0x000000000011cd68       0xec pr_cmds.o
                0x000000000011cd68                PF_setmodel
 .text.PF_newcheckclient
                0x000000000011ce54      0x100 pr_cmds.o
                0x000000000011ce54                PF_newcheckclient
 *fill*         0x000000000011cf54        0x4 
 .text.PF_checkclient
                0x000000000011cf58      0x170 pr_cmds.o
                0x000000000011cf58                PF_checkclient
 .text.WriteDest
                0x000000000011d0c8       0xd4 pr_cmds.o
                0x000000000011d0c8                WriteDest
 .text.PF_WriteByte
                0x000000000011d19c       0x28 pr_cmds.o
                0x000000000011d19c                PF_WriteByte
 .text.PF_WriteChar
                0x000000000011d1c4       0x28 pr_cmds.o
                0x000000000011d1c4                PF_WriteChar
 .text.PF_WriteShort
                0x000000000011d1ec       0x28 pr_cmds.o
                0x000000000011d1ec                PF_WriteShort
 .text.PF_WriteLong
                0x000000000011d214       0x28 pr_cmds.o
                0x000000000011d214                PF_WriteLong
 .text.PF_WriteAngle
                0x000000000011d23c       0x20 pr_cmds.o
                0x000000000011d23c                PF_WriteAngle
 .text.PF_WriteCoord
                0x000000000011d25c       0x20 pr_cmds.o
                0x000000000011d25c                PF_WriteCoord
 .text.PF_WriteString
                0x000000000011d27c       0x30 pr_cmds.o
                0x000000000011d27c                PF_WriteString
 .text.PF_WriteEntity
                0x000000000011d2ac       0x40 pr_cmds.o
                0x000000000011d2ac                PF_WriteEntity
 .text.ED_Count
                0x000000000011d2ec      0x120 pr_edict.o
                0x000000000011d2ec                ED_Count
 *fill*         0x000000000011d40c        0x4 
 .text.ED_Alloc
                0x000000000011d410      0x180 pr_edict.o
                0x000000000011d410                ED_Alloc
 .text.ED_Free  0x000000000011d590       0x88 pr_edict.o
                0x000000000011d590                ED_Free
 .text.GetEdictFieldValue
                0x000000000011d618      0x148 pr_edict.o
                0x000000000011d618                GetEdictFieldValue
 .text.PR_ValueString
                0x000000000011d760      0x224 pr_edict.o
                0x000000000011d760                PR_ValueString
 .text.ED_Print.part.0
                0x000000000011d984      0x168 pr_edict.o
 .text.ED_PrintEdicts
                0x000000000011daec       0x9c pr_edict.o
                0x000000000011daec                ED_PrintEdicts
 .text.ED_PrintEdict_f
                0x000000000011db88       0x98 pr_edict.o
                0x000000000011db88                ED_PrintEdict_f
 .text.PR_UglyValueString
                0x000000000011dc20      0x1f0 pr_edict.o
                0x000000000011dc20                PR_UglyValueString
 .text.PR_GlobalString
                0x000000000011de10      0x10c pr_edict.o
                0x000000000011de10                PR_GlobalString
 .text.PR_GlobalStringNoContents
                0x000000000011df1c       0xe4 pr_edict.o
                0x000000000011df1c                PR_GlobalStringNoContents
 .text.ED_Print
                0x000000000011e000       0x1c pr_edict.o
                0x000000000011e000                ED_Print
 .text.ED_Write
                0x000000000011e01c      0x13c pr_edict.o
                0x000000000011e01c                ED_Write
 .text.ED_PrintNum
                0x000000000011e158       0x70 pr_edict.o
                0x000000000011e158                ED_PrintNum
 .text.ED_WriteGlobals
                0x000000000011e1c8       0xe4 pr_edict.o
                0x000000000011e1c8                ED_WriteGlobals
 .text.ED_NewString
                0x000000000011e2ac       0x60 pr_edict.o
                0x000000000011e2ac                ED_NewString
 .text.ED_ParseEpair
                0x000000000011e30c      0x21c pr_edict.o
                0x000000000011e30c                ED_ParseEpair
 .text.ED_ParseGlobals
                0x000000000011e528      0x12c pr_edict.o
                0x000000000011e528                ED_ParseGlobals
 .text.ED_ParseEdict
                0x000000000011e654      0x254 pr_edict.o
                0x000000000011e654                ED_ParseEdict
 .text.ED_LoadFromFile
                0x000000000011e8a8      0x368 pr_edict.o
                0x000000000011e8a8                ED_LoadFromFile
 .text.PR_LoadProgs
                0x000000000011ec10      0x434 pr_edict.o
                0x000000000011ec10                PR_LoadProgs
 .text.PR_Init  0x000000000011f044       0xb8 pr_edict.o
                0x000000000011f044                PR_Init
 .text.EDICT_NUM
                0x000000000011f0fc       0x48 pr_edict.o
                0x000000000011f0fc                EDICT_NUM
 .text.NUM_FOR_EDICT
                0x000000000011f144       0x4c pr_edict.o
                0x000000000011f144                NUM_FOR_EDICT
 .text.PR_PrintStatement
                0x000000000011f190      0x184 pr_exec.o
                0x000000000011f190                PR_PrintStatement
 .text.PR_StackTrace
                0x000000000011f314       0xa4 pr_exec.o
                0x000000000011f314                PR_StackTrace
 .text.PR_Profile_f
                0x000000000011f3b8       0xa4 pr_exec.o
                0x000000000011f3b8                PR_Profile_f
 .text.PR_RunError
                0x000000000011f45c       0x84 pr_exec.o
                0x000000000011f45c                PR_RunError
 .text.PR_EnterFunction
                0x000000000011f4e0      0x144 pr_exec.o
                0x000000000011f4e0                PR_EnterFunction
 .text.PR_LeaveFunction
                0x000000000011f624       0xbc pr_exec.o
                0x000000000011f624                PR_LeaveFunction
 .text.PR_ExecuteProgram
                0x000000000011f6e0      0xa14 pr_exec.o
                0x000000000011f6e0                PR_ExecuteProgram
 .text.Sbar_DontShowScores
                0x00000000001200f4       0x18 sbar.o
                0x00000000001200f4                Sbar_DontShowScores
 .text.Sbar_ShowScores
                0x000000000012010c       0x20 sbar.o
                0x000000000012010c                Sbar_ShowScores
 .text.Sbar_Changed
                0x000000000012012c       0x14 sbar.o
                0x000000000012012c                Sbar_Changed
 .text.Sbar_Init
                0x0000000000120140      0x7ec sbar.o
                0x0000000000120140                Sbar_Init
 .text.Sbar_DrawPic
                0x000000000012092c       0x38 sbar.o
                0x000000000012092c                Sbar_DrawPic
 .text.Sbar_DrawTransPic
                0x0000000000120964       0x38 sbar.o
                0x0000000000120964                Sbar_DrawTransPic
 .text.Sbar_DrawCharacter
                0x000000000012099c       0x40 sbar.o
                0x000000000012099c                Sbar_DrawCharacter
 .text.Sbar_DrawString
                0x00000000001209dc       0x38 sbar.o
                0x00000000001209dc                Sbar_DrawString
 .text.Sbar_DrawNum
                0x0000000000120a14      0x114 sbar.o
                0x0000000000120a14                Sbar_DrawNum
 .text.Sbar_SortFrags
                0x0000000000120b28       0xf8 sbar.o
                0x0000000000120b28                Sbar_SortFrags
 .text.Sbar_SoloScoreboard
                0x0000000000120c20      0x10c sbar.o
                0x0000000000120c20                Sbar_SoloScoreboard
 *fill*         0x0000000000120d2c        0x4 
 .text.Sbar_DrawInventory
                0x0000000000120d30      0x790 sbar.o
                0x0000000000120d30                Sbar_DrawInventory
 .text.Sbar_DrawFrags
                0x00000000001214c0      0x194 sbar.o
                0x00000000001214c0                Sbar_DrawFrags
 .text.Sbar_DrawFace
                0x0000000000121654      0x294 sbar.o
                0x0000000000121654                Sbar_DrawFace
 .text.Sbar_IntermissionNumber
                0x00000000001218e8      0x114 sbar.o
                0x00000000001218e8                Sbar_IntermissionNumber
 .text.Sbar_DeathmatchOverlay
                0x00000000001219fc      0x198 sbar.o
                0x00000000001219fc                Sbar_DeathmatchOverlay
 .text.Sbar_MiniDeathmatchOverlay
                0x0000000000121b94      0x224 sbar.o
                0x0000000000121b94                Sbar_MiniDeathmatchOverlay
 .text.Sbar_Draw
                0x0000000000121db8      0x3f4 sbar.o
                0x0000000000121db8                Sbar_Draw
 .text.Sbar_IntermissionOverlay
                0x00000000001221ac      0x1ac sbar.o
                0x00000000001221ac                Sbar_IntermissionOverlay
 .text.Sbar_FinaleOverlay
                0x0000000000122358       0x48 sbar.o
                0x0000000000122358                Sbar_FinaleOverlay
 .text.SV_ModelIndex.part.0
                0x00000000001223a0       0x78 sv_main.o
 .text.SV_Init  0x0000000000122418       0xb8 sv_main.o
                0x0000000000122418                SV_Init
 .text.SV_StartParticle
                0x00000000001224d0       0xe0 sv_main.o
                0x00000000001224d0                SV_StartParticle
 .text.SV_StartSound
                0x00000000001225b0      0x214 sv_main.o
                0x00000000001225b0                SV_StartSound
 *fill*         0x00000000001227c4        0x4 
 .text.SV_SendServerinfo
                0x00000000001227c8      0x208 sv_main.o
                0x00000000001227c8                SV_SendServerinfo
 .text.SV_ConnectClient
                0x00000000001229d0      0x194 sv_main.o
                0x00000000001229d0                SV_ConnectClient
 .text.SV_CheckForNewClients
                0x0000000000122b64       0xb0 sv_main.o
                0x0000000000122b64                SV_CheckForNewClients
 .text.SV_ClearDatagram
                0x0000000000122c14        0xc sv_main.o
                0x0000000000122c14                SV_ClearDatagram
 .text.SV_AddToFatPVS
                0x0000000000122c20      0x108 sv_main.o
                0x0000000000122c20                SV_AddToFatPVS
 .text.SV_WriteEntitiesToClient
                0x0000000000122d28      0x490 sv_main.o
                0x0000000000122d28                SV_WriteEntitiesToClient
 .text.SV_WriteClientdataToMessage
                0x00000000001231b8      0x4a0 sv_main.o
                0x00000000001231b8                SV_WriteClientdataToMessage
 .text.SV_SendClientDatagram
                0x0000000000123658       0xb8 sv_main.o
                0x0000000000123658                SV_SendClientDatagram
 .text.SV_UpdateToReliableMessages
                0x0000000000123710      0x150 sv_main.o
                0x0000000000123710                SV_UpdateToReliableMessages
 .text.SV_SendNop
                0x0000000000123860       0x64 sv_main.o
                0x0000000000123860                SV_SendNop
 *fill*         0x00000000001238c4        0x4 
 .text.SV_SendClientMessages
                0x00000000001238c8      0x1dc sv_main.o
                0x00000000001238c8                SV_SendClientMessages
 .text.SV_ModelIndex
                0x0000000000123aa4       0x20 sv_main.o
                0x0000000000123aa4                SV_ModelIndex
 .text.SV_CreateBaseline
                0x0000000000123ac4      0x198 sv_main.o
                0x0000000000123ac4                SV_CreateBaseline
 .text.SV_SendReconnect
                0x0000000000123c5c       0x74 sv_main.o
                0x0000000000123c5c                SV_SendReconnect
 .text.SV_SaveSpawnparms
                0x0000000000123cd0       0xc8 sv_main.o
                0x0000000000123cd0                SV_SaveSpawnparms
 .text.SV_SpawnServer
                0x0000000000123d98      0x44c sv_main.o
                0x0000000000123d98                SV_SpawnServer
 .text.SV_CheckBottom
                0x00000000001241e4      0x218 sv_move.o
                0x00000000001241e4                SV_CheckBottom
 .text.SV_movestep
                0x00000000001243fc      0x404 sv_move.o
                0x00000000001243fc                SV_movestep
 .text.SV_StepDirection
                0x0000000000124800      0x128 sv_move.o
                0x0000000000124800                SV_StepDirection
 .text.SV_NewChaseDir
                0x0000000000124928      0x378 sv_move.o
                0x0000000000124928                SV_NewChaseDir
 .text.SV_MoveToGoal
                0x0000000000124ca0      0x108 sv_move.o
                0x0000000000124ca0                SV_MoveToGoal
 .text.SV_CheckVelocity
                0x0000000000124da8       0xdc sv_phys.o
                0x0000000000124da8                SV_CheckVelocity
 .text.SV_RunThink
                0x0000000000124e84       0x9c sv_phys.o
                0x0000000000124e84                SV_RunThink
 .text.SV_Impact
                0x0000000000124f20       0xb8 sv_phys.o
                0x0000000000124f20                SV_Impact
 .text.ClipVelocity
                0x0000000000124fd8       0xb0 sv_phys.o
                0x0000000000124fd8                ClipVelocity
 .text.SV_FlyMove
                0x0000000000125088      0x3a4 sv_phys.o
                0x0000000000125088                SV_FlyMove
 .text.SV_PushEntity
                0x000000000012542c      0x11c sv_phys.o
                0x000000000012542c                SV_PushEntity
 .text.SV_PushMove
                0x0000000000125548      0x420 sv_phys.o
                0x0000000000125548                SV_PushMove
 .text.SV_Physics_Pusher
                0x0000000000125968       0xe0 sv_phys.o
                0x0000000000125968                SV_Physics_Pusher
 .text.SV_CheckStuck
                0x0000000000125a48      0x11c sv_phys.o
                0x0000000000125a48                SV_CheckStuck
 *fill*         0x0000000000125b64        0x4 
 .text.SV_CheckWater
                0x0000000000125b68      0x10c sv_phys.o
                0x0000000000125b68                SV_CheckWater
 .text.SV_WallFriction
                0x0000000000125c74       0xc8 sv_phys.o
                0x0000000000125c74                SV_WallFriction
 .text.SV_TryUnstick
                0x0000000000125d3c      0x178 sv_phys.o
                0x0000000000125d3c                SV_TryUnstick
 *fill*         0x0000000000125eb4        0x4 
 .text.SV_WalkMove
                0x0000000000125eb8      0x284 sv_phys.o
                0x0000000000125eb8                SV_WalkMove
 .text.SV_Physics_Noclip
                0x000000000012613c       0x5c sv_phys.o
                0x000000000012613c                SV_Physics_Noclip
 .text.SV_CheckWaterTransition
                0x0000000000126198       0xb0 sv_phys.o
                0x0000000000126198                SV_CheckWaterTransition
 .text.SV_Physics_Toss
                0x0000000000126248      0x23c sv_phys.o
                0x0000000000126248                SV_Physics_Toss
 .text.SV_Physics_Client.part.0
                0x0000000000126484      0x1f8 sv_phys.o
 *fill*         0x000000000012667c        0x4 
 .text.SV_Physics_Step
                0x0000000000126680      0x130 sv_phys.o
                0x0000000000126680                SV_Physics_Step
 .text.SV_Physics
                0x00000000001267b0      0x220 sv_phys.o
                0x00000000001267b0                SV_Physics
 .text.SV_SetIdealPitch
                0x00000000001269d0      0x200 sv_user.o
                0x00000000001269d0                SV_SetIdealPitch
 .text.SV_UserFriction
                0x0000000000126bd0      0x198 sv_user.o
                0x0000000000126bd0                SV_UserFriction
 .text.SV_Accelerate
                0x0000000000126d68       0xa0 sv_user.o
                0x0000000000126d68                SV_Accelerate
 .text.SV_AirAccelerate
                0x0000000000126e08       0xbc sv_user.o
                0x0000000000126e08                SV_AirAccelerate
 *fill*         0x0000000000126ec4        0x4 
 .text.SV_WaterMove
                0x0000000000126ec8      0x1e0 sv_user.o
                0x0000000000126ec8                SV_WaterMove
 .text.SV_WaterJump
                0x00000000001270a8       0x74 sv_user.o
                0x00000000001270a8                SV_WaterJump
 .text.SV_AirMove
                0x000000000012711c      0x180 sv_user.o
                0x000000000012711c                SV_AirMove
 *fill*         0x000000000012729c        0x4 
 .text.SV_ClientThink
                0x00000000001272a0      0x1a8 sv_user.o
                0x00000000001272a0                SV_ClientThink
 .text.SV_ReadClientMove
                0x0000000000127448      0x120 sv_user.o
                0x0000000000127448                SV_ReadClientMove
 .text.SV_ReadClientMessage
                0x0000000000127568      0x32c sv_user.o
                0x0000000000127568                SV_ReadClientMessage
 .text.SV_RunClients
                0x0000000000127894      0x100 sv_user.o
                0x0000000000127894                SV_RunClients
 .text.V_BonusFlash_f
                0x0000000000127994       0x2c view.o
                0x0000000000127994                V_BonusFlash_f
 .text.V_cshift_f
                0x00000000001279c0       0x5c view.o
                0x00000000001279c0                V_cshift_f
 .text.V_StartPitchDrift
                0x0000000000127a1c       0x60 view.o
                0x0000000000127a1c                V_StartPitchDrift
 .text.V_CalcRoll
                0x0000000000127a7c       0x8c view.o
                0x0000000000127a7c                V_CalcRoll
 .text.V_CalcBob
                0x0000000000127b08      0x150 view.o
                0x0000000000127b08                V_CalcBob
 .text.V_StopPitchDrift
                0x0000000000127c58       0x2c view.o
                0x0000000000127c58                V_StopPitchDrift
 .text.V_DriftPitch
                0x0000000000127c84      0x15c view.o
                0x0000000000127c84                V_DriftPitch
 .text.BuildGammaTable
                0x0000000000127de0       0xbc view.o
                0x0000000000127de0                BuildGammaTable
 *fill*         0x0000000000127e9c        0x4 
 .text.V_ParseDamage
                0x0000000000127ea0      0x1e4 view.o
                0x0000000000127ea0                V_ParseDamage
 .text.V_SetContentsColor
                0x0000000000128084       0x84 view.o
                0x0000000000128084                V_SetContentsColor
 .text.V_CalcPowerupCshift
                0x0000000000128108       0xa0 view.o
                0x0000000000128108                V_CalcPowerupCshift
 .text.V_CalcBlend
                0x00000000001281a8      0x130 view.o
                0x00000000001281a8                V_CalcBlend
 .text.V_UpdatePalette
                0x00000000001282d8      0x250 view.o
                0x00000000001282d8                V_UpdatePalette
 .text.CalcGunAngle
                0x0000000000128528      0x244 view.o
                0x0000000000128528                CalcGunAngle
 .text.V_BoundOffsets
                0x000000000012876c       0xec view.o
                0x000000000012876c                V_BoundOffsets
 .text.V_AddIdle
                0x0000000000128858       0xc4 view.o
                0x0000000000128858                V_AddIdle
 .text.V_CalcViewRoll
                0x000000000012891c       0xc0 view.o
                0x000000000012891c                V_CalcViewRoll
 .text.V_CalcIntermissionRefdef
                0x00000000001289dc       0x84 view.o
                0x00000000001289dc                V_CalcIntermissionRefdef
 .text.V_CalcRefdef
                0x0000000000128a60      0x394 view.o
                0x0000000000128a60                V_CalcRefdef
 .text.V_RenderView
                0x0000000000128df4      0x1ac view.o
                0x0000000000128df4                V_RenderView
 .text.V_Init   0x0000000000128fa0      0x1a4 view.o
                0x0000000000128fa0                V_Init
 .text.W_CleanupName
                0x0000000000129144       0x54 wad.o
                0x0000000000129144                W_CleanupName
 .text.W_LoadWadFile
                0x0000000000129198      0x134 wad.o
                0x0000000000129198                W_LoadWadFile
 .text.W_GetLumpinfo
                0x00000000001292cc       0x84 wad.o
                0x00000000001292cc                W_GetLumpinfo
 .text.W_GetLumpName
                0x0000000000129350       0x20 wad.o
                0x0000000000129350                W_GetLumpName
 .text.SwapPic  0x0000000000129370       0x38 wad.o
                0x0000000000129370                SwapPic
 .text.SV_InitBoxHull
                0x00000000001293a8       0xac world.o
                0x00000000001293a8                SV_InitBoxHull
 .text.SV_HullForEntity
                0x0000000000129454      0x208 world.o
                0x0000000000129454                SV_HullForEntity
 .text.SV_CreateAreaNode
                0x000000000012965c      0x164 world.o
                0x000000000012965c                SV_CreateAreaNode
 .text.SV_ClearWorld
                0x00000000001297c0       0x44 world.o
                0x00000000001297c0                SV_ClearWorld
 .text.SV_UnlinkEdict
                0x0000000000129804       0x2c world.o
                0x0000000000129804                SV_UnlinkEdict
 .text.SV_TouchLinks
                0x0000000000129830      0x180 world.o
                0x0000000000129830                SV_TouchLinks
 .text.SV_FindTouchedLeafs
                0x00000000001299b0       0xf4 world.o
                0x00000000001299b0                SV_FindTouchedLeafs
 .text.SV_LinkEdict
                0x0000000000129aa4      0x1ec world.o
                0x0000000000129aa4                SV_LinkEdict
 .text.SV_HullPointContents
                0x0000000000129c90       0xb0 world.o
                0x0000000000129c90                SV_HullPointContents
 .text.SV_PointContents
                0x0000000000129d40       0x30 world.o
                0x0000000000129d40                SV_PointContents
 .text.SV_RecursiveHullCheck
                0x0000000000129d70      0x3bc world.o
                0x0000000000129d70                SV_RecursiveHullCheck
 .text.SV_ClipMoveToEntity
                0x000000000012a12c      0x16c world.o
                0x000000000012a12c                SV_ClipMoveToEntity
 .text.SV_ClipToLinks
                0x000000000012a298      0x2c0 world.o
                0x000000000012a298                SV_ClipToLinks
 .text.SV_MoveBounds
                0x000000000012a558       0x74 world.o
                0x000000000012a558                SV_MoveBounds
 .text.SV_Move  0x000000000012a5cc      0x150 world.o
                0x000000000012a5cc                SV_Move
 .text.SV_TestEntityPosition
                0x000000000012a71c       0x4c world.o
                0x000000000012a71c                SV_TestEntityPosition
 .text.Cache_Flush
                0x000000000012a768       0xb0 zone.o
                0x000000000012a768                Cache_Flush
 .text.Z_Free   0x000000000012a818       0xf4 zone.o
                0x000000000012a818                Z_Free
 .text.Z_TagMalloc
                0x000000000012a90c       0xe0 zone.o
                0x000000000012a90c                Z_TagMalloc
 .text.Z_CheckHeap
                0x000000000012a9ec       0xb4 zone.o
                0x000000000012a9ec                Z_CheckHeap
 .text.Z_Malloc
                0x000000000012aaa0       0x4c zone.o
                0x000000000012aaa0                Z_Malloc
 .text.Hunk_Check
                0x000000000012aaec       0x98 zone.o
                0x000000000012aaec                Hunk_Check
 .text.Hunk_LowMark
                0x000000000012ab84       0x10 zone.o
                0x000000000012ab84                Hunk_LowMark
 .text.Hunk_FreeToLowMark
                0x000000000012ab94       0x50 zone.o
                0x000000000012ab94                Hunk_FreeToLowMark
 .text.Hunk_FreeToHighMark
                0x000000000012abe4       0x7c zone.o
                0x000000000012abe4                Hunk_FreeToHighMark
 .text.Cache_TryAlloc
                0x000000000012ac60      0x190 zone.o
                0x000000000012ac60                Cache_TryAlloc
 .text.Cache_Report
                0x000000000012adf0       0x44 zone.o
                0x000000000012adf0                Cache_Report
 .text.Cache_Free
                0x000000000012ae34       0x8c zone.o
                0x000000000012ae34                Cache_Free